
> strategy_lab@1.0.0 dev
> node --watch server.js

api/index.js router initialized.
Database connection and migrations successful.
Server is running on http://localhost:8080
[2025-11-19T01:02:27.885Z] GET /
[2025-11-19T01:02:28.096Z] GET /
[2025-11-19T01:02:28.138Z] GET /css/main.css?v=1.0.2
[2025-11-19T01:02:28.149Z] GET /css/themes.css?v=1.0.1
[2025-11-19T01:02:28.153Z] GET /js/app-main.js
[2025-11-19T01:02:28.156Z] GET /images/strategy-lab-logo.svg
[2025-11-19T01:02:28.219Z] GET /css/base.css
[2025-11-19T01:02:28.236Z] GET /css/navigation.css
[2025-11-19T01:02:28.239Z] GET /css/forms.css
[2025-11-19T01:02:28.243Z] GET /css/modals.css
[2025-11-19T01:02:28.249Z] GET /css/components.css
[2025-11-19T01:02:28.259Z] GET /css/settings.css
[2025-11-19T01:02:28.263Z] GET /css/strategy-lab.css
[2025-11-19T01:02:28.267Z] GET /css/themes.css
[2025-11-19T01:02:28.272Z] GET /js/modules/navigation/index.js
[2025-11-19T01:02:28.275Z] GET /js/modules/settings/appearance.handlers.js
[2025-11-19T01:02:28.279Z] GET /js/modules/strategy-lab/paper-trades/new-render.js
[2025-11-19T01:02:28.281Z] GET /js/modules/user-selector/index.js
[2025-11-19T01:02:28.284Z] GET /js/utils/loadHtmlPartial.js
[2025-11-19T01:02:28.347Z] GET /_source-form-modal.html
[2025-11-19T01:02:28.541Z] GET /images/contacts/default.png
[2025-11-19T01:02:28.544Z] GET /_source-detail-modal.html
[2025-11-19T01:02:28.643Z] GET /_add-strategy-modal.html
[2025-11-19T01:02:28.646Z] GET /favicon.ico
[2025-11-19T01:02:28.655Z] GET /_sell-trade-modal.html
[2025-11-19T01:02:28.664Z] GET /_edit-trade-modal.html
[2025-11-19T01:02:28.740Z] GET /_paper-trade-details-modal.html
[2025-11-19T01:02:28.757Z] GET /_add-idea-modal.html
[2025-11-19T01:02:28.793Z] GET /_edit-strategy-modal.html
[2025-11-19T01:02:28.823Z] GET /_dashboard.html
[2025-11-19T01:02:28.896Z] GET /js/modules/dashboard/index.js
[2025-11-19T01:02:30.778Z] GET /_strategy-lab.html
[2025-11-19T01:02:30.787Z] GET /js/modules/strategy-lab/index.js
[2025-11-19T01:02:30.830Z] GET /js/modules/transactions/edit-trade.handlers.js
[2025-11-19T01:02:30.838Z] GET /js/modules/strategy-lab/handlers.js
[2025-11-19T01:02:30.840Z] GET /js/modules/strategy-lab/sources/handlers.js
[2025-11-19T01:02:30.842Z] GET /js/modules/strategy-lab/watched-list/handlers.js
[2025-11-19T01:02:30.849Z] GET /js/modules/strategy-lab/paper-trades/handlers.js
[2025-11-19T01:02:30.864Z] GET /js/modules/settings/sources.api.js
[2025-11-19T01:02:30.866Z] GET /js/modules/strategy-lab/sources/modal.handlers.js
[2025-11-19T01:02:30.867Z] GET /js/modules/strategy-lab/sources/render.js
[2025-11-19T01:02:30.870Z] GET /js/modules/strategy-lab/watched-list/api.js
[2025-11-19T01:02:30.872Z] GET /js/modules/transactions/api.js
[2025-11-19T01:02:30.878Z] GET /js/modules/strategy-lab/sources/idea-form.handlers.js
[2025-11-19T01:02:30.880Z] GET /js/modules/strategy-lab/watched-list/render.js
[2025-11-19T01:02:30.884Z] GET /js/modules/strategy-lab/paper-trades/api.js
[2025-11-19T01:02:30.886Z] GET /js/services/apiFetch.js
[2025-11-19T01:02:30.888Z] GET /js/modules/settings/sources.handlers.js
[2025-11-19T01:02:30.889Z] GET /js/modules/transactions/render.js
[2025-11-19T01:02:30.891Z] GET /js/modules/strategy-lab/sources/api.js
[2025-11-19T01:02:30.892Z] GET /js/modules/strategy-lab/sources/strategy-form.handlers.js
[2025-11-19T01:02:30.895Z] GET /js/modules/transactions/paper-trade-details.handlers.js
[2025-11-19T01:02:30.897Z] GET /js/api.js
[2025-11-19T01:02:30.899Z] GET /js/modules/settings/sources_books.handlers.js
[2025-11-19T01:02:30.901Z] GET /js/modules/settings/webapps.api.js
[2025-11-19T01:02:30.903Z] GET /js/utils/formatters.js
[2025-11-19T01:02:30.909Z] GET /api/sources
[2025-11-19T01:02:32.331Z] GET /api/sources/1
[2025-11-19T01:02:32.339Z] GET /api/sources/1/strategies
[2025-11-19T01:02:32.380Z] GET /images/books/default.png
[2025-11-19T01:02:32.389Z] GET /api/sources/1/open-ideas
[2025-11-19T01:02:32.399Z] GET /api/sources/1/open-trades
Fetching price for CIFR from Finnhub...
Successfully fetched price for CIFR: 14.58
[2025-11-19T01:03:16.866Z] GET /
[2025-11-19T01:03:16.948Z] GET /css/main.css?v=1.0.2
[2025-11-19T01:03:16.951Z] GET /css/themes.css?v=1.0.1
[2025-11-19T01:03:16.955Z] GET /js/app-main.js
[2025-11-19T01:03:16.957Z] GET /images/strategy-lab-logo.svg
[2025-11-19T01:03:16.960Z] GET /css/base.css
[2025-11-19T01:03:16.962Z] GET /css/navigation.css
[2025-11-19T01:03:16.967Z] GET /css/forms.css
[2025-11-19T01:03:16.970Z] GET /css/modals.css
[2025-11-19T01:03:16.972Z] GET /css/components.css
[2025-11-19T01:03:16.974Z] GET /css/settings.css
[2025-11-19T01:03:16.977Z] GET /css/strategy-lab.css
[2025-11-19T01:03:16.979Z] GET /css/themes.css
[2025-11-19T01:03:16.994Z] GET /js/modules/navigation/index.js
[2025-11-19T01:03:16.997Z] GET /js/modules/settings/appearance.handlers.js
[2025-11-19T01:03:17.002Z] GET /js/modules/strategy-lab/paper-trades/new-render.js
[2025-11-19T01:03:17.007Z] GET /js/modules/user-selector/index.js
[2025-11-19T01:03:17.010Z] GET /js/utils/loadHtmlPartial.js
[2025-11-19T01:03:17.053Z] GET /_source-form-modal.html
[2025-11-19T01:03:17.121Z] GET /images/contacts/default.png
[2025-11-19T01:03:17.125Z] GET /_source-detail-modal.html
[2025-11-19T01:03:17.128Z] GET /favicon.ico
[2025-11-19T01:03:17.156Z] GET /_add-strategy-modal.html
[2025-11-19T01:03:17.191Z] GET /_sell-trade-modal.html
[2025-11-19T01:03:17.220Z] GET /_edit-trade-modal.html
[2025-11-19T01:03:17.242Z] GET /_paper-trade-details-modal.html
[2025-11-19T01:03:17.275Z] GET /_add-idea-modal.html
[2025-11-19T01:03:17.282Z] GET /_edit-strategy-modal.html
[2025-11-19T01:03:17.292Z] GET /_dashboard.html
[2025-11-19T01:03:17.320Z] GET /js/modules/dashboard/index.js
[2025-11-19T01:03:19.844Z] GET /_strategy-lab.html
[2025-11-19T01:03:19.852Z] GET /js/modules/strategy-lab/index.js
[2025-11-19T01:03:19.894Z] GET /js/modules/transactions/edit-trade.handlers.js
[2025-11-19T01:03:19.902Z] GET /js/modules/strategy-lab/handlers.js
[2025-11-19T01:03:19.904Z] GET /js/modules/strategy-lab/sources/handlers.js
[2025-11-19T01:03:19.906Z] GET /js/modules/strategy-lab/watched-list/handlers.js
[2025-11-19T01:03:19.911Z] GET /js/modules/strategy-lab/watched-list/api.js
[2025-11-19T01:03:19.914Z] GET /js/modules/transactions/api.js
[2025-11-19T01:03:19.915Z] GET /js/modules/strategy-lab/paper-trades/handlers.js
[2025-11-19T01:03:19.917Z] GET /js/modules/settings/sources.api.js
[2025-11-19T01:03:19.919Z] GET /js/modules/strategy-lab/sources/modal.handlers.js
[2025-11-19T01:03:19.921Z] GET /js/modules/strategy-lab/sources/render.js
[2025-11-19T01:03:19.925Z] GET /js/modules/strategy-lab/sources/idea-form.handlers.js
[2025-11-19T01:03:19.928Z] GET /js/modules/strategy-lab/watched-list/render.js
[2025-11-19T01:03:19.930Z] GET /js/services/apiFetch.js
[2025-11-19T01:03:19.933Z] GET /js/modules/strategy-lab/paper-trades/api.js
[2025-11-19T01:03:19.936Z] GET /js/modules/settings/sources.handlers.js
[2025-11-19T01:03:19.938Z] GET /js/modules/transactions/render.js
[2025-11-19T01:03:19.941Z] GET /js/modules/strategy-lab/sources/api.js
[2025-11-19T01:03:19.943Z] GET /js/modules/strategy-lab/sources/strategy-form.handlers.js
[2025-11-19T01:03:19.945Z] GET /js/modules/transactions/paper-trade-details.handlers.js
[2025-11-19T01:03:19.947Z] GET /js/api.js
[2025-11-19T01:03:19.950Z] GET /js/modules/settings/sources_books.handlers.js
[2025-11-19T01:03:19.954Z] GET /js/modules/settings/webapps.api.js
[2025-11-19T01:03:19.956Z] GET /js/utils/formatters.js
[2025-11-19T01:03:19.962Z] GET /api/sources
[2025-11-19T01:03:20.997Z] GET /api/sources/1
[2025-11-19T01:03:21.009Z] GET /images/books/default.png
[2025-11-19T01:03:21.042Z] GET /api/sources/1/strategies
[2025-11-19T01:03:21.050Z] GET /api/sources/1/open-ideas
[2025-11-19T01:03:21.053Z] GET /api/sources/1/open-trades
Fetching price for CIFR from Finnhub...
Successfully fetched price for CIFR: 14.58
[2025-11-19T01:04:23.418Z] GET /
[2025-11-19T01:04:23.502Z] GET /css/main.css?v=1.0.2
[2025-11-19T01:04:23.765Z] GET /css/themes.css?v=1.0.1
[2025-11-19T01:04:23.771Z] GET /images/strategy-lab-logo.svg
[2025-11-19T01:04:23.774Z] GET /js/app-main.js
[2025-11-19T01:04:23.784Z] GET /css/base.css
[2025-11-19T01:04:23.824Z] GET /css/navigation.css
[2025-11-19T01:04:23.827Z] GET /css/forms.css
[2025-11-19T01:04:23.831Z] GET /css/modals.css
[2025-11-19T01:04:23.838Z] GET /css/components.css
[2025-11-19T01:04:23.843Z] GET /css/settings.css
[2025-11-19T01:04:23.846Z] GET /css/strategy-lab.css
[2025-11-19T01:04:23.848Z] GET /css/themes.css
[2025-11-19T01:04:23.850Z] GET /js/modules/navigation/index.js
[2025-11-19T01:04:23.853Z] GET /js/modules/settings/appearance.handlers.js
[2025-11-19T01:04:23.858Z] GET /js/modules/strategy-lab/paper-trades/new-render.js
[2025-11-19T01:04:23.861Z] GET /js/modules/user-selector/index.js
[2025-11-19T01:04:23.864Z] GET /js/utils/loadHtmlPartial.js
[2025-11-19T01:04:23.881Z] GET /_source-form-modal.html
[2025-11-19T01:04:23.954Z] GET /images/contacts/default.png
[2025-11-19T01:04:23.958Z] GET /_source-detail-modal.html
[2025-11-19T01:04:23.964Z] GET /favicon.ico
[2025-11-19T01:04:23.977Z] GET /_add-strategy-modal.html
[2025-11-19T01:04:23.986Z] GET /_sell-trade-modal.html
[2025-11-19T01:04:24.013Z] GET /_edit-trade-modal.html
[2025-11-19T01:04:24.050Z] GET /_paper-trade-details-modal.html
[2025-11-19T01:04:24.060Z] GET /_add-idea-modal.html
[2025-11-19T01:04:24.093Z] GET /_edit-strategy-modal.html
[2025-11-19T01:04:24.103Z] GET /_dashboard.html
[2025-11-19T01:04:24.117Z] GET /js/modules/dashboard/index.js
[2025-11-19T01:04:26.523Z] GET /_strategy-lab.html
[2025-11-19T01:04:26.529Z] GET /js/modules/strategy-lab/index.js
[2025-11-19T01:04:26.545Z] GET /js/modules/transactions/edit-trade.handlers.js
[2025-11-19T01:04:26.548Z] GET /js/modules/strategy-lab/handlers.js
[2025-11-19T01:04:26.551Z] GET /js/modules/strategy-lab/sources/handlers.js
[2025-11-19T01:04:26.553Z] GET /js/modules/strategy-lab/watched-list/handlers.js
[2025-11-19T01:04:26.560Z] GET /js/modules/strategy-lab/watched-list/api.js
[2025-11-19T01:04:26.562Z] GET /js/modules/transactions/api.js
[2025-11-19T01:04:26.564Z] GET /js/modules/strategy-lab/paper-trades/handlers.js
[2025-11-19T01:04:26.566Z] GET /js/modules/settings/sources.api.js
[2025-11-19T01:04:26.568Z] GET /js/modules/strategy-lab/sources/modal.handlers.js
[2025-11-19T01:04:26.569Z] GET /js/modules/strategy-lab/sources/render.js
[2025-11-19T01:04:26.572Z] GET /js/modules/strategy-lab/sources/idea-form.handlers.js
[2025-11-19T01:04:26.574Z] GET /js/modules/strategy-lab/watched-list/render.js
[2025-11-19T01:04:26.577Z] GET /js/services/apiFetch.js
[2025-11-19T01:04:26.579Z] GET /js/modules/strategy-lab/paper-trades/api.js
[2025-11-19T01:04:26.581Z] GET /js/modules/settings/sources.handlers.js
[2025-11-19T01:04:26.582Z] GET /js/modules/transactions/render.js
[2025-11-19T01:04:26.584Z] GET /js/modules/strategy-lab/sources/api.js
[2025-11-19T01:04:26.586Z] GET /js/modules/strategy-lab/sources/strategy-form.handlers.js
[2025-11-19T01:04:26.590Z] GET /js/modules/transactions/paper-trade-details.handlers.js
[2025-11-19T01:04:26.593Z] GET /js/api.js
[2025-11-19T01:04:26.595Z] GET /js/modules/settings/sources_books.handlers.js
[2025-11-19T01:04:26.598Z] GET /js/modules/settings/webapps.api.js
[2025-11-19T01:04:26.600Z] GET /js/utils/formatters.js
[2025-11-19T01:04:26.605Z] GET /api/sources
[2025-11-19T01:04:27.263Z] GET /api/sources/1
[2025-11-19T01:04:27.272Z] GET /images/books/default.png
[2025-11-19T01:04:27.316Z] GET /api/sources/1/strategies
[2025-11-19T01:04:27.324Z] GET /api/sources/1/open-ideas
[2025-11-19T01:04:27.344Z] GET /api/sources/1/open-trades
Fetching price for CIFR from Finnhub...
Successfully fetched price for CIFR: 14.58
[2025-11-19T01:06:39.926Z] GET /
[2025-11-19T01:06:40.054Z] GET /css/main.css?v=1.0.2
[2025-11-19T01:06:40.060Z] GET /css/themes.css?v=1.0.1
[2025-11-19T01:06:40.083Z] GET /images/strategy-lab-logo.svg
[2025-11-19T01:06:40.086Z] GET /js/app-main.js
[2025-11-19T01:06:40.088Z] GET /css/base.css
[2025-11-19T01:06:40.090Z] GET /css/navigation.css
[2025-11-19T01:06:40.091Z] GET /css/forms.css
[2025-11-19T01:06:40.094Z] GET /css/modals.css
[2025-11-19T01:06:40.096Z] GET /css/components.css
[2025-11-19T01:06:40.100Z] GET /css/settings.css
[2025-11-19T01:06:40.102Z] GET /css/strategy-lab.css
[2025-11-19T01:06:40.105Z] GET /css/themes.css
[2025-11-19T01:06:40.113Z] GET /js/modules/navigation/index.js
[2025-11-19T01:06:40.119Z] GET /js/modules/settings/appearance.handlers.js
[2025-11-19T01:06:40.121Z] GET /js/modules/strategy-lab/paper-trades/new-render.js
[2025-11-19T01:06:40.124Z] GET /js/modules/user-selector/index.js
[2025-11-19T01:06:40.129Z] GET /js/utils/loadHtmlPartial.js
[2025-11-19T01:06:40.176Z] GET /_source-form-modal.html
[2025-11-19T01:06:40.244Z] GET /images/contacts/default.png
[2025-11-19T01:06:40.251Z] GET /_source-detail-modal.html
[2025-11-19T01:06:40.262Z] GET /favicon.ico
[2025-11-19T01:06:40.287Z] GET /_add-strategy-modal.html
[2025-11-19T01:06:40.330Z] GET /_sell-trade-modal.html
[2025-11-19T01:06:40.341Z] GET /_edit-trade-modal.html
[2025-11-19T01:06:40.377Z] GET /_paper-trade-details-modal.html
[2025-11-19T01:06:40.384Z] GET /_add-idea-modal.html
[2025-11-19T01:06:40.398Z] GET /_edit-strategy-modal.html
[2025-11-19T01:06:40.423Z] GET /_dashboard.html
[2025-11-19T01:06:40.430Z] GET /js/modules/dashboard/index.js
[2025-11-19T01:06:42.193Z] GET /_strategy-lab.html
[2025-11-19T01:06:42.201Z] GET /js/modules/strategy-lab/index.js
[2025-11-19T01:06:42.236Z] GET /js/modules/transactions/edit-trade.handlers.js
[2025-11-19T01:06:42.268Z] GET /js/modules/strategy-lab/handlers.js
[2025-11-19T01:06:42.271Z] GET /js/modules/strategy-lab/sources/handlers.js
[2025-11-19T01:06:42.273Z] GET /js/modules/strategy-lab/watched-list/handlers.js
[2025-11-19T01:06:42.278Z] GET /js/modules/strategy-lab/watched-list/api.js
[2025-11-19T01:06:42.280Z] GET /js/modules/transactions/api.js
[2025-11-19T01:06:42.282Z] GET /js/modules/strategy-lab/paper-trades/handlers.js
[2025-11-19T01:06:42.284Z] GET /js/modules/settings/sources.api.js
[2025-11-19T01:06:42.286Z] GET /js/modules/strategy-lab/sources/modal.handlers.js
[2025-11-19T01:06:42.288Z] GET /js/modules/strategy-lab/sources/render.js
[2025-11-19T01:06:42.292Z] GET /js/modules/strategy-lab/sources/idea-form.handlers.js
[2025-11-19T01:06:42.294Z] GET /js/modules/strategy-lab/watched-list/render.js
[2025-11-19T01:06:42.297Z] GET /js/services/apiFetch.js
[2025-11-19T01:06:42.300Z] GET /js/modules/strategy-lab/paper-trades/api.js
[2025-11-19T01:06:42.302Z] GET /js/modules/settings/sources.handlers.js
[2025-11-19T01:06:42.304Z] GET /js/modules/transactions/render.js
[2025-11-19T01:06:42.306Z] GET /js/modules/strategy-lab/sources/api.js
[2025-11-19T01:06:42.307Z] GET /js/modules/strategy-lab/sources/strategy-form.handlers.js
[2025-11-19T01:06:42.311Z] GET /js/modules/transactions/paper-trade-details.handlers.js
[2025-11-19T01:06:42.314Z] GET /js/api.js
[2025-11-19T01:06:42.317Z] GET /js/modules/settings/sources_books.handlers.js
[2025-11-19T01:06:42.320Z] GET /js/modules/settings/webapps.api.js
[2025-11-19T01:06:42.322Z] GET /js/utils/formatters.js
[2025-11-19T01:06:42.327Z] GET /api/sources
[2025-11-19T01:06:42.952Z] GET /api/sources/1
[2025-11-19T01:06:42.959Z] GET /api/sources/1/strategies
[2025-11-19T01:06:42.967Z] GET /images/books/default.png
[2025-11-19T01:06:42.981Z] GET /api/sources/1/open-ideas
[2025-11-19T01:06:43.019Z] GET /api/sources/1/open-trades
Fetching price for CIFR from Finnhub...
Successfully fetched price for CIFR: 14.58
[2025-11-19T01:09:39.981Z] GET /
[2025-11-19T01:09:40.161Z] GET /css/main.css?v=1.0.2
[2025-11-19T01:09:40.165Z] GET /css/themes.css?v=1.0.1
[2025-11-19T01:09:40.170Z] GET /js/app-main.js
[2025-11-19T01:09:40.180Z] GET /images/strategy-lab-logo.svg
[2025-11-19T01:09:40.182Z] GET /css/base.css
[2025-11-19T01:09:40.187Z] GET /css/navigation.css
[2025-11-19T01:09:40.190Z] GET /css/forms.css
[2025-11-19T01:09:40.192Z] GET /css/modals.css
[2025-11-19T01:09:40.195Z] GET /css/components.css
[2025-11-19T01:09:40.197Z] GET /css/settings.css
[2025-11-19T01:09:40.200Z] GET /css/strategy-lab.css
[2025-11-19T01:09:40.208Z] GET /css/themes.css
[2025-11-19T01:09:40.236Z] GET /js/modules/navigation/index.js
[2025-11-19T01:09:40.271Z] GET /js/modules/settings/appearance.handlers.js
[2025-11-19T01:09:40.276Z] GET /js/modules/strategy-lab/paper-trades/new-render.js
[2025-11-19T01:09:40.280Z] GET /js/modules/user-selector/index.js
[2025-11-19T01:09:40.283Z] GET /js/utils/loadHtmlPartial.js
[2025-11-19T01:09:40.327Z] GET /_source-form-modal.html
[2025-11-19T01:09:40.397Z] GET /images/contacts/default.png
[2025-11-19T01:09:40.401Z] GET /_source-detail-modal.html
[2025-11-19T01:09:40.405Z] GET /favicon.ico
[2025-11-19T01:09:40.422Z] GET /_add-strategy-modal.html
[2025-11-19T01:09:40.454Z] GET /_sell-trade-modal.html
[2025-11-19T01:09:40.493Z] GET /_edit-trade-modal.html
[2025-11-19T01:09:40.512Z] GET /_paper-trade-details-modal.html
[2025-11-19T01:09:40.541Z] GET /_add-idea-modal.html
[2025-11-19T01:09:40.569Z] GET /_edit-strategy-modal.html
[2025-11-19T01:09:40.582Z] GET /_dashboard.html
[2025-11-19T01:09:40.600Z] GET /js/modules/dashboard/index.js
[2025-11-19T01:09:44.455Z] GET /_strategy-lab.html
[2025-11-19T01:09:44.462Z] GET /js/modules/strategy-lab/index.js
[2025-11-19T01:09:44.497Z] GET /js/modules/transactions/edit-trade.handlers.js
[2025-11-19T01:09:44.499Z] GET /js/modules/strategy-lab/handlers.js
[2025-11-19T01:09:44.502Z] GET /js/modules/strategy-lab/sources/handlers.js
[2025-11-19T01:09:44.503Z] GET /js/modules/strategy-lab/watched-list/handlers.js
[2025-11-19T01:09:44.510Z] GET /js/modules/strategy-lab/watched-list/api.js
[2025-11-19T01:09:44.512Z] GET /js/modules/transactions/api.js
[2025-11-19T01:09:44.514Z] GET /js/modules/strategy-lab/paper-trades/handlers.js
[2025-11-19T01:09:44.515Z] GET /js/modules/strategy-lab/sources/modal.handlers.js
[2025-11-19T01:09:44.517Z] GET /js/modules/settings/sources.api.js
[2025-11-19T01:09:44.519Z] GET /js/modules/strategy-lab/sources/render.js
[2025-11-19T01:09:44.523Z] GET /js/modules/strategy-lab/sources/idea-form.handlers.js
[2025-11-19T01:09:44.526Z] GET /js/modules/strategy-lab/watched-list/render.js
[2025-11-19T01:09:44.528Z] GET /js/services/apiFetch.js
[2025-11-19T01:09:44.530Z] GET /js/modules/strategy-lab/paper-trades/api.js
[2025-11-19T01:09:44.532Z] GET /js/modules/settings/sources.handlers.js
[2025-11-19T01:09:44.534Z] GET /js/modules/transactions/render.js
[2025-11-19T01:09:44.536Z] GET /js/modules/strategy-lab/sources/api.js
[2025-11-19T01:09:44.537Z] GET /js/modules/strategy-lab/sources/strategy-form.handlers.js
[2025-11-19T01:09:44.539Z] GET /js/modules/transactions/paper-trade-details.handlers.js
[2025-11-19T01:09:44.543Z] GET /js/api.js
[2025-11-19T01:09:44.546Z] GET /js/modules/settings/sources_books.handlers.js
[2025-11-19T01:09:44.548Z] GET /js/modules/settings/webapps.api.js
[2025-11-19T01:09:44.550Z] GET /js/utils/formatters.js
[2025-11-19T01:09:44.560Z] GET /api/sources
[2025-11-19T01:09:45.401Z] GET /api/sources/1
[2025-11-19T01:09:45.411Z] GET /api/sources/1/strategies
[2025-11-19T01:09:45.441Z] GET /images/books/default.png
[2025-11-19T01:09:45.454Z] GET /api/sources/1/open-ideas
[2025-11-19T01:09:45.470Z] GET /api/sources/1/open-trades
Fetching price for CIFR from Finnhub...
Successfully fetched price for CIFR: 14.58
[2025-11-19T01:12:39.762Z] GET /
[2025-11-19T01:12:39.847Z] GET /css/main.css?v=1.0.2
[2025-11-19T01:12:39.853Z] GET /css/themes.css?v=1.0.1
[2025-11-19T01:12:39.856Z] GET /images/strategy-lab-logo.svg
[2025-11-19T01:12:39.858Z] GET /js/app-main.js
[2025-11-19T01:12:39.862Z] GET /css/base.css
[2025-11-19T01:12:39.887Z] GET /css/navigation.css
[2025-11-19T01:12:39.892Z] GET /css/components.css
[2025-11-19T01:12:39.894Z] GET /css/settings.css
[2025-11-19T01:12:39.897Z] GET /css/forms.css
[2025-11-19T01:12:39.900Z] GET /css/modals.css
[2025-11-19T01:12:39.903Z] GET /css/strategy-lab.css
[2025-11-19T01:12:39.905Z] GET /css/themes.css
[2025-11-19T01:12:39.909Z] GET /js/modules/navigation/index.js
[2025-11-19T01:12:39.911Z] GET /js/modules/settings/appearance.handlers.js
[2025-11-19T01:12:39.912Z] GET /js/modules/strategy-lab/paper-trades/new-render.js
[2025-11-19T01:12:39.934Z] GET /js/modules/user-selector/index.js
[2025-11-19T01:12:39.936Z] GET /js/utils/loadHtmlPartial.js
[2025-11-19T01:12:39.962Z] GET /_source-form-modal.html
[2025-11-19T01:12:40.020Z] GET /images/contacts/default.png
[2025-11-19T01:12:40.023Z] GET /_source-detail-modal.html
[2025-11-19T01:12:40.026Z] GET /favicon.ico
[2025-11-19T01:12:40.031Z] GET /_add-strategy-modal.html
[2025-11-19T01:12:40.042Z] GET /_sell-trade-modal.html
[2025-11-19T01:12:40.083Z] GET /_edit-trade-modal.html
[2025-11-19T01:12:40.114Z] GET /_paper-trade-details-modal.html
[2025-11-19T01:12:40.150Z] GET /_add-idea-modal.html
[2025-11-19T01:12:40.201Z] GET /_edit-strategy-modal.html
[2025-11-19T01:12:40.234Z] GET /_dashboard.html
[2025-11-19T01:12:40.263Z] GET /js/modules/dashboard/index.js
[2025-11-19T01:12:42.127Z] GET /_strategy-lab.html
[2025-11-19T01:12:42.142Z] GET /js/modules/strategy-lab/index.js
[2025-11-19T01:12:42.186Z] GET /js/modules/transactions/edit-trade.handlers.js
[2025-11-19T01:12:42.192Z] GET /js/modules/strategy-lab/handlers.js
[2025-11-19T01:12:42.194Z] GET /js/modules/strategy-lab/sources/handlers.js
[2025-11-19T01:12:42.196Z] GET /js/modules/strategy-lab/watched-list/handlers.js
[2025-11-19T01:12:42.207Z] GET /js/modules/strategy-lab/watched-list/api.js
[2025-11-19T01:12:42.244Z] GET /js/modules/transactions/api.js
[2025-11-19T01:12:42.246Z] GET /js/modules/strategy-lab/paper-trades/handlers.js
[2025-11-19T01:12:42.248Z] GET /js/modules/settings/sources.api.js
[2025-11-19T01:12:42.250Z] GET /js/modules/strategy-lab/sources/modal.handlers.js
[2025-11-19T01:12:42.254Z] GET /js/modules/strategy-lab/sources/render.js
[2025-11-19T01:12:42.258Z] GET /js/modules/strategy-lab/sources/idea-form.handlers.js
[2025-11-19T01:12:42.260Z] GET /js/modules/strategy-lab/watched-list/render.js
[2025-11-19T01:12:42.263Z] GET /js/services/apiFetch.js
[2025-11-19T01:12:42.265Z] GET /js/modules/strategy-lab/paper-trades/api.js
[2025-11-19T01:12:42.269Z] GET /js/modules/settings/sources.handlers.js
[2025-11-19T01:12:42.271Z] GET /js/modules/transactions/render.js
[2025-11-19T01:12:42.273Z] GET /js/modules/strategy-lab/sources/api.js
[2025-11-19T01:12:42.275Z] GET /js/modules/strategy-lab/sources/strategy-form.handlers.js
[2025-11-19T01:12:42.280Z] GET /js/modules/transactions/paper-trade-details.handlers.js
[2025-11-19T01:12:42.283Z] GET /js/api.js
[2025-11-19T01:12:42.286Z] GET /js/modules/settings/sources_books.handlers.js
[2025-11-19T01:12:42.289Z] GET /js/modules/settings/webapps.api.js
[2025-11-19T01:12:42.292Z] GET /js/utils/formatters.js
[2025-11-19T01:12:42.297Z] GET /api/sources
[2025-11-19T01:12:43.114Z] GET /api/sources/1
[2025-11-19T01:12:43.124Z] GET /images/books/default.png
[2025-11-19T01:12:43.127Z] GET /api/sources/1/strategies
[2025-11-19T01:12:43.136Z] GET /api/sources/1/open-ideas
[2025-11-19T01:12:43.139Z] GET /api/sources/1/open-trades
Fetching price for CIFR from Finnhub...
Successfully fetched price for CIFR: 14.58
[2025-11-19T01:16:25.458Z] GET /
[2025-11-19T01:16:25.554Z] GET /css/main.css?v=1.0.2
[2025-11-19T01:16:25.776Z] GET /css/themes.css?v=1.0.1
[2025-11-19T01:16:25.779Z] GET /images/strategy-lab-logo.svg
[2025-11-19T01:16:25.780Z] GET /js/app-main.js
[2025-11-19T01:16:25.785Z] GET /css/base.css
[2025-11-19T01:16:25.788Z] GET /css/navigation.css
[2025-11-19T01:16:25.792Z] GET /css/forms.css
[2025-11-19T01:16:25.795Z] GET /css/components.css
[2025-11-19T01:16:25.797Z] GET /css/settings.css
[2025-11-19T01:16:25.801Z] GET /css/modals.css
[2025-11-19T01:16:25.804Z] GET /css/strategy-lab.css
[2025-11-19T01:16:25.807Z] GET /css/themes.css
[2025-11-19T01:16:25.810Z] GET /js/modules/navigation/index.js
[2025-11-19T01:16:25.814Z] GET /js/modules/settings/appearance.handlers.js
[2025-11-19T01:16:25.820Z] GET /js/modules/strategy-lab/paper-trades/new-render.js
[2025-11-19T01:16:25.826Z] GET /js/modules/user-selector/index.js
[2025-11-19T01:16:25.829Z] GET /js/utils/loadHtmlPartial.js
[2025-11-19T01:16:25.839Z] GET /_source-form-modal.html
[2025-11-19T01:16:25.908Z] GET /images/contacts/default.png
[2025-11-19T01:16:25.914Z] GET /_source-detail-modal.html
[2025-11-19T01:16:25.917Z] GET /favicon.ico
[2025-11-19T01:16:25.925Z] GET /_add-strategy-modal.html
[2025-11-19T01:16:25.931Z] GET /_sell-trade-modal.html
[2025-11-19T01:16:25.957Z] GET /_edit-trade-modal.html
[2025-11-19T01:16:25.972Z] GET /_paper-trade-details-modal.html
[2025-11-19T01:16:25.982Z] GET /_add-idea-modal.html
[2025-11-19T01:16:26.025Z] GET /_edit-strategy-modal.html
[2025-11-19T01:16:26.044Z] GET /_dashboard.html
[2025-11-19T01:16:26.058Z] GET /js/modules/dashboard/index.js
[2025-11-19T01:16:26.745Z] GET /_strategy-lab.html
[2025-11-19T01:16:26.753Z] GET /js/modules/strategy-lab/index.js
[2025-11-19T01:16:26.797Z] GET /js/modules/transactions/edit-trade.handlers.js
[2025-11-19T01:16:26.800Z] GET /js/modules/strategy-lab/handlers.js
[2025-11-19T01:16:26.802Z] GET /js/modules/strategy-lab/sources/handlers.js
[2025-11-19T01:16:26.804Z] GET /js/modules/strategy-lab/watched-list/handlers.js
[2025-11-19T01:16:26.809Z] GET /js/modules/strategy-lab/watched-list/api.js
[2025-11-19T01:16:26.811Z] GET /js/modules/transactions/api.js
[2025-11-19T01:16:26.813Z] GET /js/modules/strategy-lab/paper-trades/handlers.js
[2025-11-19T01:16:26.814Z] GET /js/modules/settings/sources.api.js
[2025-11-19T01:16:26.816Z] GET /js/modules/strategy-lab/sources/modal.handlers.js
[2025-11-19T01:16:26.818Z] GET /js/modules/strategy-lab/sources/render.js
[2025-11-19T01:16:26.825Z] GET /js/modules/strategy-lab/sources/idea-form.handlers.js
[2025-11-19T01:16:26.827Z] GET /js/modules/strategy-lab/watched-list/render.js
[2025-11-19T01:16:26.829Z] GET /js/services/apiFetch.js
[2025-11-19T01:16:26.830Z] GET /js/modules/strategy-lab/paper-trades/api.js
[2025-11-19T01:16:26.832Z] GET /js/modules/settings/sources.handlers.js
[2025-11-19T01:16:26.837Z] GET /js/modules/transactions/render.js
[2025-11-19T01:16:26.840Z] GET /js/modules/strategy-lab/sources/api.js
[2025-11-19T01:16:26.843Z] GET /js/modules/strategy-lab/sources/strategy-form.handlers.js
[2025-11-19T01:16:26.844Z] GET /js/modules/transactions/paper-trade-details.handlers.js
[2025-11-19T01:16:26.846Z] GET /js/api.js
[2025-11-19T01:16:26.848Z] GET /js/modules/settings/sources_books.handlers.js
[2025-11-19T01:16:26.851Z] GET /js/modules/settings/webapps.api.js
[2025-11-19T01:16:26.853Z] GET /js/utils/formatters.js
[2025-11-19T01:16:26.858Z] GET /api/sources
[2025-11-19T01:16:28.784Z] GET /api/sources/1
[2025-11-19T01:16:28.789Z] GET /api/sources/1/strategies
[2025-11-19T01:16:28.792Z] GET /images/books/default.png
[2025-11-19T01:16:28.798Z] GET /api/sources/1/open-ideas
[2025-11-19T01:16:28.801Z] GET /api/sources/1/open-trades
Fetching price for CIFR from Finnhub...
Successfully fetched price for CIFR: 14.58
[2025-11-19T01:16:34.063Z] GET /
[2025-11-19T01:16:34.128Z] GET /css/main.css?v=1.0.2
[2025-11-19T01:16:34.130Z] GET /css/themes.css?v=1.0.1
[2025-11-19T01:16:34.135Z] GET /images/strategy-lab-logo.svg
[2025-11-19T01:16:34.137Z] GET /js/app-main.js
[2025-11-19T01:16:34.141Z] GET /css/base.css
[2025-11-19T01:16:34.144Z] GET /css/navigation.css
[2025-11-19T01:16:34.146Z] GET /css/forms.css
[2025-11-19T01:16:34.147Z] GET /css/modals.css
[2025-11-19T01:16:34.153Z] GET /css/components.css
[2025-11-19T01:16:34.158Z] GET /css/settings.css
[2025-11-19T01:16:34.162Z] GET /css/strategy-lab.css
[2025-11-19T01:16:34.163Z] GET /css/themes.css
[2025-11-19T01:16:34.185Z] GET /js/modules/navigation/index.js
[2025-11-19T01:16:34.193Z] GET /js/modules/settings/appearance.handlers.js
[2025-11-19T01:16:34.196Z] GET /js/modules/strategy-lab/paper-trades/new-render.js
[2025-11-19T01:16:34.201Z] GET /js/modules/user-selector/index.js
[2025-11-19T01:16:34.204Z] GET /js/utils/loadHtmlPartial.js
[2025-11-19T01:16:34.263Z] GET /_source-form-modal.html
[2025-11-19T01:16:34.340Z] GET /images/contacts/default.png
[2025-11-19T01:16:34.344Z] GET /_source-detail-modal.html
[2025-11-19T01:16:34.347Z] GET /favicon.ico
[2025-11-19T01:16:34.387Z] GET /_add-strategy-modal.html
[2025-11-19T01:16:34.427Z] GET /_sell-trade-modal.html
[2025-11-19T01:16:34.443Z] GET /_edit-trade-modal.html
[2025-11-19T01:16:34.475Z] GET /_paper-trade-details-modal.html
[2025-11-19T01:16:34.485Z] GET /_add-idea-modal.html
[2025-11-19T01:16:34.493Z] GET /_edit-strategy-modal.html
[2025-11-19T01:16:34.505Z] GET /_dashboard.html
[2025-11-19T01:16:34.514Z] GET /js/modules/dashboard/index.js
[2025-11-19T01:16:38.597Z] GET /css/main.css?v=1.0.2
[2025-11-19T01:16:38.600Z] GET /.well-known/appspecific/com.chrome.devtools.json
[2025-11-19T01:16:38.608Z] GET /css/base.css
[2025-11-19T01:16:38.645Z] GET /css/navigation.css
[2025-11-19T01:16:38.647Z] GET /css/forms.css
[2025-11-19T01:16:38.650Z] GET /css/modals.css
[2025-11-19T01:16:38.652Z] GET /css/components.css
[2025-11-19T01:16:38.654Z] GET /css/settings.css
[2025-11-19T01:16:38.662Z] GET /css/strategy-lab.css
[2025-11-19T01:16:38.697Z] GET /css/themes.css
[2025-11-19T01:16:38.700Z] GET /css/themes.css?v=1.0.1
[2025-11-19T01:16:41.448Z] GET /
[2025-11-19T01:16:41.612Z] GET /.well-known/appspecific/com.chrome.devtools.json
[2025-11-19T01:16:41.628Z] GET /css/main.css?v=1.0.2
[2025-11-19T01:16:41.641Z] GET /css/themes.css?v=1.0.1
[2025-11-19T01:16:41.642Z] GET /images/strategy-lab-logo.svg
[2025-11-19T01:16:41.644Z] GET /js/app-main.js
[2025-11-19T01:16:41.679Z] GET /css/base.css
[2025-11-19T01:16:41.737Z] GET /css/navigation.css
[2025-11-19T01:16:41.756Z] GET /css/forms.css
[2025-11-19T01:16:41.803Z] GET /css/modals.css
[2025-11-19T01:16:41.805Z] GET /css/components.css
[2025-11-19T01:16:41.808Z] GET /css/settings.css
[2025-11-19T01:16:41.813Z] GET /css/strategy-lab.css
[2025-11-19T01:16:41.900Z] GET /css/themes.css
[2025-11-19T01:16:41.903Z] GET /js/modules/navigation/index.js
[2025-11-19T01:16:41.907Z] GET /js/modules/settings/appearance.handlers.js
[2025-11-19T01:16:41.925Z] GET /js/modules/strategy-lab/paper-trades/new-render.js
[2025-11-19T01:16:41.928Z] GET /js/modules/user-selector/index.js
[2025-11-19T01:16:41.934Z] GET /js/utils/loadHtmlPartial.js
[2025-11-19T01:16:42.031Z] GET /_source-form-modal.html
[2025-11-19T01:16:42.274Z] GET /images/contacts/default.png
[2025-11-19T01:16:42.278Z] GET /_source-detail-modal.html
[2025-11-19T01:16:42.281Z] GET /favicon.ico
[2025-11-19T01:16:42.311Z] GET /_add-strategy-modal.html
[2025-11-19T01:16:42.358Z] GET /_sell-trade-modal.html
[2025-11-19T01:16:42.408Z] GET /_edit-trade-modal.html
[2025-11-19T01:16:42.446Z] GET /_paper-trade-details-modal.html
[2025-11-19T01:16:42.467Z] GET /_add-idea-modal.html
[2025-11-19T01:16:42.525Z] GET /_edit-strategy-modal.html
[2025-11-19T01:16:42.548Z] GET /_dashboard.html
[2025-11-19T01:16:42.582Z] GET /js/modules/dashboard/index.js
[2025-11-19T01:16:43.438Z] GET /_strategy-lab.html
[2025-11-19T01:16:43.462Z] GET /js/modules/strategy-lab/index.js
[2025-11-19T01:16:43.478Z] GET /js/modules/transactions/edit-trade.handlers.js
[2025-11-19T01:16:43.480Z] GET /js/modules/strategy-lab/handlers.js
[2025-11-19T01:16:43.485Z] GET /js/modules/strategy-lab/sources/handlers.js
[2025-11-19T01:16:43.487Z] GET /js/modules/strategy-lab/watched-list/handlers.js
[2025-11-19T01:16:43.497Z] GET /js/modules/strategy-lab/sources/idea-form.handlers.js
[2025-11-19T01:16:43.507Z] GET /js/modules/strategy-lab/watched-list/api.js
[2025-11-19T01:16:43.508Z] GET /js/modules/strategy-lab/watched-list/render.js
[2025-11-19T01:16:43.510Z] GET /js/modules/strategy-lab/paper-trades/handlers.js
[2025-11-19T01:16:43.512Z] GET /js/modules/transactions/api.js
[2025-11-19T01:16:43.519Z] GET /js/modules/settings/sources.api.js
[2025-11-19T01:16:43.596Z] GET /js/modules/strategy-lab/sources/modal.handlers.js
[2025-11-19T01:16:43.601Z] GET /js/modules/strategy-lab/sources/render.js
[2025-11-19T01:16:43.630Z] GET /js/api.js
[2025-11-19T01:16:43.659Z] GET /js/modules/strategy-lab/paper-trades/api.js
[2025-11-19T01:16:43.661Z] GET /js/services/apiFetch.js
[2025-11-19T01:16:43.671Z] GET /js/modules/settings/sources.handlers.js
[2025-11-19T01:16:43.719Z] GET /js/modules/transactions/render.js
[2025-11-19T01:16:43.721Z] GET /js/modules/strategy-lab/sources/api.js
[2025-11-19T01:16:43.726Z] GET /js/modules/strategy-lab/sources/strategy-form.handlers.js
[2025-11-19T01:16:43.738Z] GET /js/modules/transactions/paper-trade-details.handlers.js
[2025-11-19T01:16:43.740Z] GET /js/utils/formatters.js
[2025-11-19T01:16:43.741Z] GET /js/modules/settings/sources_books.handlers.js
[2025-11-19T01:16:43.755Z] GET /js/modules/settings/webapps.api.js
[2025-11-19T01:16:43.813Z] GET /api/sources
[2025-11-19T01:16:44.757Z] GET /api/sources/1
[2025-11-19T01:16:44.772Z] GET /api/sources/1/strategies
[2025-11-19T01:16:44.802Z] GET /images/books/default.png
[2025-11-19T01:16:44.814Z] GET /api/sources/1/open-ideas
[2025-11-19T01:16:44.845Z] GET /api/sources/1/open-trades
Fetching price for CIFR from Finnhub...
Successfully fetched price for CIFR: 14.58
[2025-11-19T01:25:05.683Z] GET /
[2025-11-19T01:25:05.913Z] GET /css/main.css?v=1.0.2
[2025-11-19T01:25:05.931Z] GET /css/themes.css?v=1.0.1
[2025-11-19T01:25:05.935Z] GET /images/strategy-lab-logo.svg
[2025-11-19T01:25:05.937Z] GET /js/app-main.js
[2025-11-19T01:25:06.035Z] GET /css/base.css
[2025-11-19T01:25:06.038Z] GET /css/navigation.css
[2025-11-19T01:25:06.040Z] GET /css/forms.css
[2025-11-19T01:25:06.041Z] GET /css/modals.css
[2025-11-19T01:25:06.043Z] GET /css/components.css
[2025-11-19T01:25:06.044Z] GET /css/settings.css
[2025-11-19T01:25:06.049Z] GET /css/strategy-lab.css
[2025-11-19T01:25:06.080Z] GET /css/themes.css
[2025-11-19T01:25:06.082Z] GET /js/modules/navigation/index.js
[2025-11-19T01:25:06.086Z] GET /js/modules/settings/appearance.handlers.js
[2025-11-19T01:25:06.089Z] GET /js/modules/strategy-lab/paper-trades/new-render.js
[2025-11-19T01:25:06.092Z] GET /js/modules/user-selector/index.js
[2025-11-19T01:25:06.096Z] GET /js/utils/loadHtmlPartial.js
[2025-11-19T01:25:06.224Z] GET /_source-form-modal.html
[2025-11-19T01:25:06.382Z] GET /images/contacts/default.png
[2025-11-19T01:25:06.385Z] GET /_source-detail-modal.html
[2025-11-19T01:25:06.461Z] GET /_add-strategy-modal.html
[2025-11-19T01:25:06.466Z] GET /favicon.ico
[2025-11-19T01:25:06.479Z] GET /_sell-trade-modal.html
[2025-11-19T01:25:06.534Z] GET /_edit-trade-modal.html
[2025-11-19T01:25:06.592Z] GET /_paper-trade-details-modal.html
[2025-11-19T01:25:06.615Z] GET /_add-idea-modal.html
[2025-11-19T01:25:06.651Z] GET /_edit-strategy-modal.html
[2025-11-19T01:25:06.664Z] GET /_dashboard.html
[2025-11-19T01:25:06.690Z] GET /js/modules/dashboard/index.js
[2025-11-19T01:25:08.750Z] GET /_strategy-lab.html
[2025-11-19T01:25:08.756Z] GET /js/modules/strategy-lab/index.js
[2025-11-19T01:25:08.773Z] GET /js/modules/transactions/edit-trade.handlers.js
[2025-11-19T01:25:08.815Z] GET /js/modules/strategy-lab/handlers.js
[2025-11-19T01:25:08.816Z] GET /js/modules/strategy-lab/sources/handlers.js
[2025-11-19T01:25:08.818Z] GET /js/modules/strategy-lab/watched-list/handlers.js
[2025-11-19T01:25:08.823Z] GET /js/modules/strategy-lab/watched-list/api.js
[2025-11-19T01:25:08.825Z] GET /js/modules/transactions/api.js
[2025-11-19T01:25:08.826Z] GET /js/modules/strategy-lab/paper-trades/handlers.js
[2025-11-19T01:25:08.828Z] GET /js/modules/settings/sources.api.js
[2025-11-19T01:25:08.829Z] GET /js/modules/strategy-lab/sources/modal.handlers.js
[2025-11-19T01:25:08.830Z] GET /js/modules/strategy-lab/sources/render.js
[2025-11-19T01:25:08.836Z] GET /js/modules/strategy-lab/sources/idea-form.handlers.js
[2025-11-19T01:25:08.839Z] GET /js/modules/strategy-lab/watched-list/render.js
[2025-11-19T01:25:08.841Z] GET /js/services/apiFetch.js
[2025-11-19T01:25:08.845Z] GET /js/modules/strategy-lab/paper-trades/api.js
[2025-11-19T01:25:08.847Z] GET /js/modules/settings/sources.handlers.js
[2025-11-19T01:25:08.850Z] GET /js/modules/transactions/render.js
[2025-11-19T01:25:08.852Z] GET /js/modules/strategy-lab/sources/api.js
[2025-11-19T01:25:08.854Z] GET /js/modules/strategy-lab/sources/strategy-form.handlers.js
[2025-11-19T01:25:08.857Z] GET /js/modules/transactions/paper-trade-details.handlers.js
[2025-11-19T01:25:08.859Z] GET /js/api.js
[2025-11-19T01:25:08.860Z] GET /js/modules/utils/formatters.js
[2025-11-19T01:25:08.862Z] GET /js/modules/settings/sources_books.handlers.js
[2025-11-19T01:25:08.863Z] GET /js/modules/settings/webapps.api.js
[2025-11-19T01:25:08.866Z] GET /js/utils/formatters.js
[2025-11-19T01:25:09.327Z] GET /_strategy-lab.html
[2025-11-19T01:27:12.326Z] GET /
[2025-11-19T01:27:12.414Z] GET /css/main.css?v=1.0.2
[2025-11-19T01:27:12.425Z] GET /css/themes.css?v=1.0.1
[2025-11-19T01:27:12.428Z] GET /images/strategy-lab-logo.svg
[2025-11-19T01:27:12.430Z] GET /js/app-main.js
[2025-11-19T01:27:12.455Z] GET /css/base.css
[2025-11-19T01:27:12.495Z] GET /css/navigation.css
[2025-11-19T01:27:12.496Z] GET /css/forms.css
[2025-11-19T01:27:12.498Z] GET /css/modals.css
[2025-11-19T01:27:12.502Z] GET /css/components.css
[2025-11-19T01:27:12.505Z] GET /css/settings.css
[2025-11-19T01:27:12.510Z] GET /css/strategy-lab.css
[2025-11-19T01:27:12.512Z] GET /css/themes.css
[2025-11-19T01:27:12.516Z] GET /js/modules/navigation/index.js
[2025-11-19T01:27:12.518Z] GET /js/modules/settings/appearance.handlers.js
[2025-11-19T01:27:12.523Z] GET /js/modules/strategy-lab/paper-trades/new-render.js
[2025-11-19T01:27:12.525Z] GET /js/modules/user-selector/index.js
[2025-11-19T01:27:12.527Z] GET /js/utils/loadHtmlPartial.js
[2025-11-19T01:27:12.558Z] GET /_source-form-modal.html
[2025-11-19T01:27:12.615Z] GET /favicon.ico
[2025-11-19T01:27:12.626Z] GET /images/contacts/default.png
[2025-11-19T01:27:12.650Z] GET /_source-detail-modal.html
[2025-11-19T01:27:12.666Z] GET /_add-strategy-modal.html
[2025-11-19T01:27:12.695Z] GET /_sell-trade-modal.html
[2025-11-19T01:27:12.719Z] GET /_edit-trade-modal.html
[2025-11-19T01:27:12.726Z] GET /_paper-trade-details-modal.html
[2025-11-19T01:27:12.734Z] GET /_add-idea-modal.html
[2025-11-19T01:27:12.740Z] GET /_edit-strategy-modal.html
[2025-11-19T01:27:12.759Z] GET /_dashboard.html
[2025-11-19T01:27:12.811Z] GET /js/modules/dashboard/index.js
[2025-11-19T01:27:14.131Z] GET /_strategy-lab.html
[2025-11-19T01:27:14.138Z] GET /js/modules/strategy-lab/index.js
[2025-11-19T01:27:14.180Z] GET /js/modules/transactions/edit-trade.handlers.js
[2025-11-19T01:27:14.188Z] GET /js/modules/strategy-lab/handlers.js
[2025-11-19T01:27:14.190Z] GET /js/modules/strategy-lab/sources/handlers.js
[2025-11-19T01:27:14.192Z] GET /js/modules/strategy-lab/watched-list/handlers.js
[2025-11-19T01:27:14.196Z] GET /js/modules/strategy-lab/watched-list/api.js
[2025-11-19T01:27:14.199Z] GET /js/modules/transactions/api.js
[2025-11-19T01:27:14.201Z] GET /js/modules/strategy-lab/paper-trades/handlers.js
[2025-11-19T01:27:14.202Z] GET /js/modules/settings/sources.api.js
[2025-11-19T01:27:14.204Z] GET /js/modules/strategy-lab/sources/modal.handlers.js
[2025-11-19T01:27:14.205Z] GET /js/modules/strategy-lab/sources/render.js
[2025-11-19T01:27:14.210Z] GET /js/modules/strategy-lab/sources/idea-form.handlers.js
[2025-11-19T01:27:14.212Z] GET /js/modules/strategy-lab/watched-list/render.js
[2025-11-19T01:27:14.214Z] GET /js/services/apiFetch.js
[2025-11-19T01:27:14.216Z] GET /js/modules/strategy-lab/paper-trades/api.js
[2025-11-19T01:27:14.218Z] GET /js/modules/settings/sources.handlers.js
[2025-11-19T01:27:14.222Z] GET /js/modules/transactions/render.js
[2025-11-19T01:27:14.224Z] GET /js/modules/strategy-lab/sources/api.js
[2025-11-19T01:27:14.227Z] GET /js/modules/strategy-lab/sources/strategy-form.handlers.js
[2025-11-19T01:27:14.229Z] GET /js/modules/transactions/paper-trade-details.handlers.js
[2025-11-19T01:27:14.230Z] GET /js/api.js
[2025-11-19T01:27:14.232Z] GET /js/utils/formatters.js
[2025-11-19T01:27:14.236Z] GET /js/modules/settings/sources_books.handlers.js
[2025-11-19T01:27:14.239Z] GET /js/modules/settings/webapps.api.js
[2025-11-19T01:27:14.247Z] GET /api/sources
[2025-11-19T01:27:15.486Z] GET /api/sources/1
[2025-11-19T01:27:15.502Z] GET /api/sources/1/strategies
[2025-11-19T01:27:15.528Z] GET /images/books/default.png
[2025-11-19T01:27:15.546Z] GET /api/sources/1/open-ideas
[2025-11-19T01:27:15.548Z] GET /api/sources/1/open-trades
Fetching price for CIFR from Finnhub...
Successfully fetched price for CIFR: 14.58
[2025-11-19T01:27:28.743Z] GET /
[2025-11-19T01:27:28.790Z] GET /css/main.css?v=1.0.2
[2025-11-19T01:27:28.814Z] GET /css/themes.css?v=1.0.1
[2025-11-19T01:27:28.816Z] GET /images/strategy-lab-logo.svg
[2025-11-19T01:27:28.818Z] GET /js/app-main.js
[2025-11-19T01:27:28.830Z] GET /css/base.css
[2025-11-19T01:27:28.833Z] GET /css/navigation.css
[2025-11-19T01:27:28.835Z] GET /css/forms.css
[2025-11-19T01:27:28.837Z] GET /css/modals.css
[2025-11-19T01:27:28.841Z] GET /css/components.css
[2025-11-19T01:27:28.843Z] GET /css/settings.css
[2025-11-19T01:27:28.845Z] GET /css/strategy-lab.css
[2025-11-19T01:27:28.847Z] GET /css/themes.css
[2025-11-19T01:27:28.848Z] GET /js/modules/navigation/index.js
[2025-11-19T01:27:28.850Z] GET /js/modules/settings/appearance.handlers.js
[2025-11-19T01:27:28.854Z] GET /js/modules/strategy-lab/paper-trades/new-render.js
[2025-11-19T01:27:28.856Z] GET /js/modules/user-selector/index.js
[2025-11-19T01:27:28.857Z] GET /js/utils/loadHtmlPartial.js
[2025-11-19T01:27:28.886Z] GET /_source-form-modal.html
[2025-11-19T01:27:28.983Z] GET /images/contacts/default.png
[2025-11-19T01:27:29.002Z] GET /_source-detail-modal.html
[2025-11-19T01:27:29.005Z] GET /favicon.ico
[2025-11-19T01:27:29.011Z] GET /_add-strategy-modal.html
[2025-11-19T01:27:29.021Z] GET /_sell-trade-modal.html
[2025-11-19T01:27:29.041Z] GET /_edit-trade-modal.html
[2025-11-19T01:27:29.049Z] GET /_paper-trade-details-modal.html
[2025-11-19T01:27:29.065Z] GET /_add-idea-modal.html
[2025-11-19T01:27:29.073Z] GET /_edit-strategy-modal.html
[2025-11-19T01:27:29.094Z] GET /_dashboard.html
[2025-11-19T01:27:29.131Z] GET /js/modules/dashboard/index.js
[2025-11-19T01:27:33.125Z] GET /.well-known/appspecific/com.chrome.devtools.json
[2025-11-19T01:27:33.130Z] GET /css/main.css?v=1.0.2
[2025-11-19T01:27:33.133Z] GET /css/base.css
[2025-11-19T01:27:33.135Z] GET /css/navigation.css
[2025-11-19T01:27:33.139Z] GET /css/forms.css
[2025-11-19T01:27:33.154Z] GET /css/modals.css
[2025-11-19T01:27:33.157Z] GET /css/components.css
[2025-11-19T01:27:33.162Z] GET /css/settings.css
[2025-11-19T01:27:33.164Z] GET /css/strategy-lab.css
[2025-11-19T01:27:33.166Z] GET /css/themes.css
[2025-11-19T01:27:33.168Z] GET /css/themes.css?v=1.0.1
[2025-11-19T01:27:36.960Z] GET /
[2025-11-19T01:27:37.073Z] GET /.well-known/appspecific/com.chrome.devtools.json
[2025-11-19T01:27:37.101Z] GET /css/main.css?v=1.0.2
[2025-11-19T01:27:37.149Z] GET /css/themes.css?v=1.0.1
[2025-11-19T01:27:37.152Z] GET /images/strategy-lab-logo.svg
[2025-11-19T01:27:37.155Z] GET /js/app-main.js
[2025-11-19T01:27:37.179Z] GET /css/base.css
[2025-11-19T01:27:37.240Z] GET /css/navigation.css
[2025-11-19T01:27:37.242Z] GET /css/forms.css
[2025-11-19T01:27:37.247Z] GET /css/modals.css
[2025-11-19T01:27:37.319Z] GET /css/components.css
[2025-11-19T01:27:37.322Z] GET /css/settings.css
[2025-11-19T01:27:37.331Z] GET /css/strategy-lab.css
[2025-11-19T01:27:37.378Z] GET /css/themes.css
[2025-11-19T01:27:37.407Z] GET /js/modules/navigation/index.js
[2025-11-19T01:27:37.410Z] GET /js/modules/settings/appearance.handlers.js
[2025-11-19T01:27:37.412Z] GET /js/modules/strategy-lab/paper-trades/new-render.js
[2025-11-19T01:27:37.414Z] GET /js/modules/user-selector/index.js
[2025-11-19T01:27:37.416Z] GET /js/utils/loadHtmlPartial.js
[2025-11-19T01:27:37.488Z] GET /_source-form-modal.html
[2025-11-19T01:27:37.636Z] GET /images/contacts/default.png
[2025-11-19T01:27:37.638Z] GET /_source-detail-modal.html
[2025-11-19T01:27:37.642Z] GET /favicon.ico
[2025-11-19T01:27:37.680Z] GET /_add-strategy-modal.html
[2025-11-19T01:27:37.705Z] GET /_sell-trade-modal.html
[2025-11-19T01:27:37.729Z] GET /_edit-trade-modal.html
[2025-11-19T01:27:37.747Z] GET /_paper-trade-details-modal.html
[2025-11-19T01:27:37.776Z] GET /_add-idea-modal.html
[2025-11-19T01:27:37.804Z] GET /_edit-strategy-modal.html
[2025-11-19T01:27:37.822Z] GET /_dashboard.html
[2025-11-19T01:27:37.842Z] GET /js/modules/dashboard/index.js
[2025-11-19T01:27:39.283Z] GET /_strategy-lab.html
[2025-11-19T01:27:39.343Z] GET /js/modules/strategy-lab/index.js
[2025-11-19T01:27:39.360Z] GET /js/modules/transactions/edit-trade.handlers.js
[2025-11-19T01:27:39.363Z] GET /js/modules/strategy-lab/handlers.js
[2025-11-19T01:27:39.365Z] GET /js/modules/strategy-lab/sources/handlers.js
[2025-11-19T01:27:39.367Z] GET /js/modules/strategy-lab/watched-list/handlers.js
[2025-11-19T01:27:39.391Z] GET /js/modules/strategy-lab/paper-trades/handlers.js
[2025-11-19T01:27:39.393Z] GET /js/modules/settings/sources.api.js
[2025-11-19T01:27:39.395Z] GET /js/modules/strategy-lab/sources/modal.handlers.js
[2025-11-19T01:27:39.397Z] GET /js/modules/strategy-lab/sources/render.js
[2025-11-19T01:27:39.398Z] GET /js/modules/strategy-lab/sources/idea-form.handlers.js
[2025-11-19T01:27:39.400Z] GET /js/modules/strategy-lab/watched-list/api.js
[2025-11-19T01:27:39.404Z] GET /js/modules/strategy-lab/watched-list/render.js
[2025-11-19T01:27:39.503Z] GET /js/modules/transactions/api.js
[2025-11-19T01:27:39.522Z] GET /js/utils/formatters.js
[2025-11-19T01:27:39.524Z] GET /js/modules/strategy-lab/paper-trades/api.js
[2025-11-19T01:27:39.525Z] GET /js/api.js
[2025-11-19T01:27:39.527Z] GET /js/services/apiFetch.js
[2025-11-19T01:27:39.531Z] GET /js/modules/settings/sources.handlers.js
[2025-11-19T01:27:39.599Z] GET /js/modules/transactions/render.js
[2025-11-19T01:27:39.602Z] GET /js/modules/strategy-lab/sources/api.js
[2025-11-19T01:27:39.605Z] GET /js/modules/strategy-lab/sources/strategy-form.handlers.js
[2025-11-19T01:27:39.607Z] GET /js/modules/transactions/paper-trade-details.handlers.js
[2025-11-19T01:27:39.610Z] GET /js/modules/settings/sources_books.handlers.js
[2025-11-19T01:27:39.645Z] GET /js/modules/settings/webapps.api.js
[2025-11-19T01:27:39.662Z] GET /api/sources
[2025-11-19T01:30:01.847Z] GET /
[2025-11-19T01:30:01.943Z] GET /.well-known/appspecific/com.chrome.devtools.json
[2025-11-19T01:30:01.957Z] GET /css/main.css?v=1.0.2
[2025-11-19T01:30:01.967Z] GET /css/themes.css?v=1.0.1
[2025-11-19T01:30:01.970Z] GET /images/strategy-lab-logo.svg
[2025-11-19T01:30:01.974Z] GET /js/app-main.js
[2025-11-19T01:30:01.990Z] GET /css/base.css
[2025-11-19T01:30:02.016Z] GET /css/navigation.css
[2025-11-19T01:30:02.019Z] GET /css/forms.css
[2025-11-19T01:30:02.022Z] GET /css/modals.css
[2025-11-19T01:30:02.025Z] GET /css/components.css
[2025-11-19T01:30:02.027Z] GET /css/settings.css
[2025-11-19T01:30:02.029Z] GET /css/strategy-lab.css
[2025-11-19T01:30:02.031Z] GET /css/themes.css
[2025-11-19T01:30:02.033Z] GET /js/modules/navigation/index.js
[2025-11-19T01:30:02.035Z] GET /js/modules/settings/appearance.handlers.js
[2025-11-19T01:30:02.042Z] GET /js/modules/strategy-lab/paper-trades/new-render.js
[2025-11-19T01:30:02.045Z] GET /js/modules/user-selector/index.js
[2025-11-19T01:30:02.048Z] GET /js/utils/loadHtmlPartial.js
[2025-11-19T01:30:02.075Z] GET /_source-form-modal.html
[2025-11-19T01:30:02.379Z] GET /images/contacts/default.png
[2025-11-19T01:30:02.381Z] GET /_source-detail-modal.html
[2025-11-19T01:30:02.409Z] GET /favicon.ico
[2025-11-19T01:30:02.448Z] GET /_add-strategy-modal.html
[2025-11-19T01:30:02.477Z] GET /_sell-trade-modal.html
[2025-11-19T01:30:02.534Z] GET /_edit-trade-modal.html
[2025-11-19T01:30:02.543Z] GET /_paper-trade-details-modal.html
[2025-11-19T01:30:02.566Z] GET /_add-idea-modal.html
[2025-11-19T01:30:02.576Z] GET /_edit-strategy-modal.html
[2025-11-19T01:30:02.589Z] GET /_dashboard.html
[2025-11-19T01:30:02.605Z] GET /js/modules/dashboard/index.js
[2025-11-19T01:30:03.815Z] GET /_strategy-lab.html
[2025-11-19T01:30:03.823Z] GET /js/modules/strategy-lab/index.js
[2025-11-19T01:30:03.872Z] GET /js/modules/transactions/edit-trade.handlers.js
[2025-11-19T01:30:03.877Z] GET /js/modules/strategy-lab/handlers.js
[2025-11-19T01:30:03.878Z] GET /js/modules/strategy-lab/sources/handlers.js
[2025-11-19T01:30:03.881Z] GET /js/modules/strategy-lab/watched-list/handlers.js
[2025-11-19T01:30:03.890Z] GET /js/modules/strategy-lab/watched-list/api.js
[2025-11-19T01:30:03.892Z] GET /js/modules/transactions/api.js
[2025-11-19T01:30:03.894Z] GET /js/modules/strategy-lab/paper-trades/handlers.js
[2025-11-19T01:30:03.896Z] GET /js/modules/settings/sources.api.js
[2025-11-19T01:30:03.899Z] GET /js/modules/strategy-lab/sources/modal.handlers.js
[2025-11-19T01:30:03.901Z] GET /js/modules/strategy-lab/sources/render.js
[2025-11-19T01:30:03.904Z] GET /js/modules/strategy-lab/sources/idea-form.handlers.js
[2025-11-19T01:30:03.907Z] GET /js/modules/strategy-lab/watched-list/render.js
[2025-11-19T01:30:03.912Z] GET /js/services/apiFetch.js
[2025-11-19T01:30:03.916Z] GET /js/modules/strategy-lab/paper-trades/api.js
[2025-11-19T01:30:03.918Z] GET /js/modules/settings/sources.handlers.js
[2025-11-19T01:30:03.920Z] GET /js/modules/transactions/render.js
[2025-11-19T01:30:03.922Z] GET /js/modules/strategy-lab/sources/api.js
[2025-11-19T01:30:03.924Z] GET /js/modules/strategy-lab/sources/strategy-form.handlers.js
[2025-11-19T01:30:03.927Z] GET /js/modules/transactions/paper-trade-details.handlers.js
[2025-11-19T01:30:03.930Z] GET /js/utils/formatters.js
[2025-11-19T01:30:03.933Z] GET /js/api.js
[2025-11-19T01:30:03.936Z] GET /js/modules/settings/sources_books.handlers.js
[2025-11-19T01:30:03.938Z] GET /js/modules/settings/webapps.api.js
[2025-11-19T01:30:03.949Z] GET /api/sources
[2025-11-19T01:30:04.868Z] GET /api/sources/1
[2025-11-19T01:30:04.879Z] GET /api/sources/1/strategies
[2025-11-19T01:30:04.931Z] GET /images/books/default.png
[2025-11-19T01:30:04.944Z] GET /api/sources/1/open-ideas
[2025-11-19T01:30:04.965Z] GET /api/sources/1/open-trades
Fetching price for CIFR from Finnhub...
Successfully fetched price for CIFR: 14.58
[2025-11-19T01:31:59.286Z] GET /
[2025-11-19T01:31:59.411Z] GET /.well-known/appspecific/com.chrome.devtools.json
[2025-11-19T01:31:59.443Z] GET /css/main.css?v=1.0.2
[2025-11-19T01:31:59.452Z] GET /css/themes.css?v=1.0.1
[2025-11-19T01:31:59.457Z] GET /images/strategy-lab-logo.svg
[2025-11-19T01:31:59.485Z] GET /css/base.css
[2025-11-19T01:31:59.488Z] GET /css/navigation.css
[2025-11-19T01:31:59.493Z] GET /js/app-main.js
[2025-11-19T01:31:59.509Z] GET /css/forms.css
[2025-11-19T01:31:59.519Z] GET /css/modals.css
[2025-11-19T01:31:59.527Z] GET /css/components.css
[2025-11-19T01:31:59.530Z] GET /css/settings.css
[2025-11-19T01:31:59.532Z] GET /css/strategy-lab.css
[2025-11-19T01:31:59.536Z] GET /css/themes.css
[2025-11-19T01:31:59.593Z] GET /js/modules/navigation/index.js
[2025-11-19T01:31:59.606Z] GET /js/modules/settings/appearance.handlers.js
[2025-11-19T01:31:59.608Z] GET /js/modules/strategy-lab/paper-trades/new-render.js
[2025-11-19T01:31:59.610Z] GET /js/modules/user-selector/index.js
[2025-11-19T01:31:59.612Z] GET /js/utils/loadHtmlPartial.js
[2025-11-19T01:31:59.643Z] GET /_source-form-modal.html
[2025-11-19T01:31:59.795Z] GET /images/contacts/default.png
[2025-11-19T01:31:59.798Z] GET /_source-detail-modal.html
[2025-11-19T01:31:59.805Z] GET /favicon.ico
[2025-11-19T01:31:59.810Z] GET /_add-strategy-modal.html
[2025-11-19T01:31:59.821Z] GET /_sell-trade-modal.html
[2025-11-19T01:31:59.843Z] GET /_edit-trade-modal.html
[2025-11-19T01:31:59.867Z] GET /_paper-trade-details-modal.html
[2025-11-19T01:31:59.875Z] GET /_add-idea-modal.html
[2025-11-19T01:31:59.917Z] GET /_edit-strategy-modal.html
[2025-11-19T01:31:59.927Z] GET /_dashboard.html
[2025-11-19T01:31:59.939Z] GET /js/modules/dashboard/index.js
[2025-11-19T01:32:01.111Z] GET /_strategy-lab.html
[2025-11-19T01:32:01.120Z] GET /js/modules/strategy-lab/index.js
[2025-11-19T01:32:01.175Z] GET /js/modules/transactions/edit-trade.handlers.js
[2025-11-19T01:32:01.179Z] GET /js/modules/strategy-lab/handlers.js
[2025-11-19T01:32:01.181Z] GET /js/modules/strategy-lab/sources/handlers.js
[2025-11-19T01:32:01.184Z] GET /js/modules/strategy-lab/watched-list/handlers.js
[2025-11-19T01:32:01.194Z] GET /js/modules/strategy-lab/watched-list/api.js
[2025-11-19T01:32:01.198Z] GET /js/modules/transactions/api.js
[2025-11-19T01:32:01.200Z] GET /js/modules/strategy-lab/paper-trades/handlers.js
[2025-11-19T01:32:01.202Z] GET /js/modules/settings/sources.api.js
[2025-11-19T01:32:01.204Z] GET /js/modules/strategy-lab/sources/modal.handlers.js
[2025-11-19T01:32:01.206Z] GET /js/modules/strategy-lab/sources/render.js
[2025-11-19T01:32:01.209Z] GET /js/modules/strategy-lab/sources/idea-form.handlers.js
[2025-11-19T01:32:01.211Z] GET /js/modules/strategy-lab/watched-list/render.js
[2025-11-19T01:32:01.213Z] GET /js/services/apiFetch.js
[2025-11-19T01:32:01.216Z] GET /js/modules/strategy-lab/paper-trades/api.js
[2025-11-19T01:32:01.219Z] GET /js/utils/formatters.js
[2025-11-19T01:32:01.222Z] GET /js/modules/settings/sources.handlers.js
[2025-11-19T01:32:01.225Z] GET /js/modules/transactions/render.js
[2025-11-19T01:32:01.227Z] GET /js/modules/strategy-lab/sources/api.js
[2025-11-19T01:32:01.229Z] GET /js/modules/strategy-lab/sources/strategy-form.handlers.js
[2025-11-19T01:32:01.231Z] GET /js/modules/transactions/paper-trade-details.handlers.js
[2025-11-19T01:32:01.233Z] GET /js/api.js
[2025-11-19T01:32:01.242Z] GET /js/modules/settings/sources_books.handlers.js
[2025-11-19T01:32:01.245Z] GET /js/modules/settings/webapps.api.js
[2025-11-19T01:32:01.257Z] GET /api/sources
[2025-11-19T01:32:02.619Z] GET /api/sources/1
[2025-11-19T01:32:02.629Z] GET /api/sources/1/strategies
[2025-11-19T01:32:02.662Z] GET /images/books/default.png
[2025-11-19T01:32:02.671Z] GET /api/sources/1/open-ideas
[2025-11-19T01:32:02.695Z] GET /api/sources/1/open-trades
Fetching price for CIFR from Finnhub...
Successfully fetched price for CIFR: 14.58
[2025-11-19T01:34:21.472Z] GET /
[2025-11-19T01:34:21.605Z] GET /css/main.css?v=1.0.2
[2025-11-19T01:34:21.612Z] GET /css/themes.css?v=1.0.1
[2025-11-19T01:34:21.614Z] GET /images/strategy-lab-logo.svg
[2025-11-19T01:34:21.618Z] GET /js/app-main.js
[2025-11-19T01:34:21.622Z] GET /css/base.css
[2025-11-19T01:34:21.624Z] GET /css/navigation.css
[2025-11-19T01:34:21.627Z] GET /css/forms.css
[2025-11-19T01:34:21.630Z] GET /css/strategy-lab.css
[2025-11-19T01:34:21.633Z] GET /css/modals.css
[2025-11-19T01:34:21.635Z] GET /css/components.css
[2025-11-19T01:34:21.636Z] GET /css/settings.css
[2025-11-19T01:34:21.638Z] GET /css/themes.css
[2025-11-19T01:34:21.641Z] GET /js/modules/navigation/index.js
[2025-11-19T01:34:21.643Z] GET /js/modules/settings/appearance.handlers.js
[2025-11-19T01:34:21.644Z] GET /js/modules/strategy-lab/paper-trades/new-render.js
[2025-11-19T01:34:21.646Z] GET /js/modules/user-selector/index.js
[2025-11-19T01:34:21.647Z] GET /js/utils/loadHtmlPartial.js
[2025-11-19T01:34:21.698Z] GET /_source-form-modal.html
[2025-11-19T01:34:21.929Z] GET /images/contacts/default.png
[2025-11-19T01:34:21.933Z] GET /_source-detail-modal.html
[2025-11-19T01:34:21.940Z] GET /favicon.ico
[2025-11-19T01:34:21.945Z] GET /_add-strategy-modal.html
[2025-11-19T01:34:21.994Z] GET /_sell-trade-modal.html
[2025-11-19T01:34:22.045Z] GET /_edit-trade-modal.html
[2025-11-19T01:34:22.103Z] GET /_paper-trade-details-modal.html
[2025-11-19T01:34:22.132Z] GET /_add-idea-modal.html
[2025-11-19T01:34:22.174Z] GET /_edit-strategy-modal.html
[2025-11-19T01:34:22.181Z] GET /_dashboard.html
[2025-11-19T01:34:22.253Z] GET /js/modules/dashboard/index.js
[2025-11-19T01:34:23.104Z] GET /_strategy-lab.html
[2025-11-19T01:34:23.119Z] GET /js/modules/strategy-lab/index.js
[2025-11-19T01:34:23.150Z] GET /js/modules/transactions/edit-trade.handlers.js
[2025-11-19T01:34:23.158Z] GET /js/modules/strategy-lab/handlers.js
[2025-11-19T01:34:23.160Z] GET /js/modules/strategy-lab/sources/handlers.js
[2025-11-19T01:34:23.161Z] GET /js/modules/strategy-lab/watched-list/handlers.js
[2025-11-19T01:34:23.169Z] GET /js/modules/strategy-lab/watched-list/api.js
[2025-11-19T01:34:23.171Z] GET /js/modules/transactions/api.js
[2025-11-19T01:34:23.173Z] GET /js/modules/strategy-lab/paper-trades/handlers.js
[2025-11-19T01:34:23.176Z] GET /js/modules/settings/sources.api.js
[2025-11-19T01:34:23.177Z] GET /js/modules/strategy-lab/sources/modal.handlers.js
[2025-11-19T01:34:23.179Z] GET /js/modules/strategy-lab/sources/render.js
[2025-11-19T01:34:23.180Z] GET /js/modules/strategy-lab/sources/idea-form.handlers.js
[2025-11-19T01:34:23.182Z] GET /js/modules/strategy-lab/watched-list/render.js
[2025-11-19T01:34:23.185Z] GET /js/services/apiFetch.js
[2025-11-19T01:34:23.191Z] GET /js/modules/strategy-lab/paper-trades/api.js
[2025-11-19T01:34:23.193Z] GET /js/modules/settings/sources.handlers.js
[2025-11-19T01:34:23.195Z] GET /js/modules/transactions/render.js
[2025-11-19T01:34:23.196Z] GET /js/modules/strategy-lab/sources/api.js
[2025-11-19T01:34:23.198Z] GET /js/modules/strategy-lab/sources/strategy-form.handlers.js
[2025-11-19T01:34:23.200Z] GET /js/modules/transactions/paper-trade-details.handlers.js
[2025-11-19T01:34:23.203Z] GET /js/api.js
[2025-11-19T01:34:23.205Z] GET /js/utils/formatters.js
[2025-11-19T01:34:23.207Z] GET /js/modules/settings/sources_books.handlers.js
[2025-11-19T01:34:23.209Z] GET /js/modules/settings/webapps.api.js
[2025-11-19T01:34:23.218Z] GET /api/sources
[2025-11-19T01:34:24.011Z] GET /api/sources/1
[2025-11-19T01:34:24.018Z] GET /api/sources/1/strategies
[2025-11-19T01:34:24.021Z] GET /images/books/default.png
[2025-11-19T01:34:24.031Z] GET /api/sources/1/open-ideas
[2025-11-19T01:34:24.065Z] GET /api/sources/1/open-trades
Fetching price for CIFR from Finnhub...
Successfully fetched price for CIFR: 14.58
[2025-11-19T01:37:11.816Z] GET /
[2025-11-19T01:37:11.890Z] GET /css/main.css?v=1.0.2
[2025-11-19T01:37:11.903Z] GET /css/themes.css?v=1.0.1
[2025-11-19T01:37:11.906Z] GET /images/strategy-lab-logo.svg
[2025-11-19T01:37:11.907Z] GET /js/app-main.js
[2025-11-19T01:37:11.930Z] GET /css/base.css
[2025-11-19T01:37:11.933Z] GET /css/navigation.css
[2025-11-19T01:37:11.936Z] GET /css/forms.css
[2025-11-19T01:37:11.938Z] GET /css/modals.css
[2025-11-19T01:37:11.939Z] GET /css/components.css
[2025-11-19T01:37:11.942Z] GET /css/settings.css
[2025-11-19T01:37:11.944Z] GET /css/strategy-lab.css
[2025-11-19T01:37:11.946Z] GET /css/themes.css
[2025-11-19T01:37:11.947Z] GET /js/modules/navigation/index.js
[2025-11-19T01:37:11.948Z] GET /js/modules/settings/appearance.handlers.js
[2025-11-19T01:37:11.950Z] GET /js/modules/strategy-lab/paper-trades/new-render.js
[2025-11-19T01:37:11.957Z] GET /js/modules/user-selector/index.js
[2025-11-19T01:37:11.959Z] GET /js/utils/loadHtmlPartial.js
[2025-11-19T01:37:11.979Z] GET /_source-form-modal.html
[2025-11-19T01:37:12.067Z] GET /images/contacts/default.png
[2025-11-19T01:37:12.069Z] GET /_source-detail-modal.html
[2025-11-19T01:37:12.072Z] GET /favicon.ico
[2025-11-19T01:37:12.079Z] GET /_add-strategy-modal.html
[2025-11-19T01:37:12.091Z] GET /_sell-trade-modal.html
[2025-11-19T01:37:12.111Z] GET /_edit-trade-modal.html
[2025-11-19T01:37:12.140Z] GET /_paper-trade-details-modal.html
[2025-11-19T01:37:12.148Z] GET /_add-idea-modal.html
[2025-11-19T01:37:12.157Z] GET /_edit-strategy-modal.html
[2025-11-19T01:37:12.165Z] GET /_dashboard.html
[2025-11-19T01:37:12.173Z] GET /js/modules/dashboard/index.js
[2025-11-19T01:37:16.116Z] GET /_strategy-lab.html
[2025-11-19T01:37:16.123Z] GET /js/modules/strategy-lab/index.js
[2025-11-19T01:37:16.137Z] GET /js/modules/transactions/edit-trade.handlers.js
[2025-11-19T01:37:16.166Z] GET /js/modules/strategy-lab/handlers.js
[2025-11-19T01:37:16.167Z] GET /js/modules/strategy-lab/sources/handlers.js
[2025-11-19T01:37:16.169Z] GET /js/modules/strategy-lab/watched-list/handlers.js
[2025-11-19T01:37:16.174Z] GET /js/modules/strategy-lab/watched-list/api.js
[2025-11-19T01:37:16.218Z] GET /js/modules/transactions/api.js
[2025-11-19T01:37:16.219Z] GET /js/modules/strategy-lab/paper-trades/handlers.js
[2025-11-19T01:37:16.221Z] GET /js/modules/settings/sources.api.js
[2025-11-19T01:37:16.222Z] GET /js/modules/strategy-lab/sources/modal.handlers.js
[2025-11-19T01:37:16.224Z] GET /js/modules/strategy-lab/sources/render.js
[2025-11-19T01:37:16.226Z] GET /js/modules/strategy-lab/sources/idea-form.handlers.js
[2025-11-19T01:37:16.228Z] GET /js/modules/strategy-lab/watched-list/render.js
[2025-11-19T01:37:16.231Z] GET /js/services/apiFetch.js
[2025-11-19T01:37:16.235Z] GET /js/modules/strategy-lab/paper-trades/api.js
[2025-11-19T01:37:16.236Z] GET /js/utils/formatters.js
[2025-11-19T01:37:16.238Z] GET /js/modules/settings/sources.handlers.js
[2025-11-19T01:37:16.240Z] GET /js/modules/transactions/render.js
[2025-11-19T01:37:16.251Z] GET /js/modules/strategy-lab/sources/api.js
[2025-11-19T01:37:16.253Z] GET /js/modules/strategy-lab/sources/strategy-form.handlers.js
[2025-11-19T01:37:16.254Z] GET /js/modules/transactions/paper-trade-details.handlers.js
[2025-11-19T01:37:16.256Z] GET /js/api.js
[2025-11-19T01:37:16.258Z] GET /js/modules/settings/sources_books.handlers.js
[2025-11-19T01:37:16.260Z] GET /js/modules/settings/webapps.api.js
[2025-11-19T01:37:16.265Z] GET /api/sources
[2025-11-19T01:37:17.028Z] GET /api/sources/1
[2025-11-19T01:37:17.034Z] GET /api/sources/1/strategies
[2025-11-19T01:37:17.074Z] GET /images/books/default.png
[2025-11-19T01:37:17.081Z] GET /api/sources/1/open-ideas
[2025-11-19T01:37:17.084Z] GET /api/sources/1/open-trades
Fetching price for CIFR from Finnhub...
Successfully fetched price for CIFR: 14.58
[2025-11-19T01:39:34.166Z] GET /
[2025-11-19T01:39:34.225Z] GET /css/main.css?v=1.0.2
[2025-11-19T01:39:34.259Z] GET /css/themes.css?v=1.0.1
[2025-11-19T01:39:34.263Z] GET /images/strategy-lab-logo.svg
[2025-11-19T01:39:34.266Z] GET /js/app-main.js
[2025-11-19T01:39:34.274Z] GET /css/base.css
[2025-11-19T01:39:34.278Z] GET /css/navigation.css
[2025-11-19T01:39:34.281Z] GET /css/forms.css
[2025-11-19T01:39:34.284Z] GET /css/modals.css
[2025-11-19T01:39:34.286Z] GET /css/components.css
[2025-11-19T01:39:34.288Z] GET /css/settings.css
[2025-11-19T01:39:34.290Z] GET /css/strategy-lab.css
[2025-11-19T01:39:34.292Z] GET /css/themes.css
[2025-11-19T01:39:34.296Z] GET /js/modules/navigation/index.js
[2025-11-19T01:39:34.301Z] GET /js/modules/settings/appearance.handlers.js
[2025-11-19T01:39:34.304Z] GET /js/modules/strategy-lab/paper-trades/new-render.js
[2025-11-19T01:39:34.306Z] GET /js/modules/user-selector/index.js
[2025-11-19T01:39:34.308Z] GET /js/utils/loadHtmlPartial.js
[2025-11-19T01:39:34.339Z] GET /_source-form-modal.html
[2025-11-19T01:39:34.458Z] GET /images/contacts/default.png
[2025-11-19T01:39:34.462Z] GET /_source-detail-modal.html
[2025-11-19T01:39:34.465Z] GET /favicon.ico
[2025-11-19T01:39:34.476Z] GET /_add-strategy-modal.html
[2025-11-19T01:39:34.511Z] GET /_sell-trade-modal.html
[2025-11-19T01:39:34.558Z] GET /_edit-trade-modal.html
[2025-11-19T01:39:34.564Z] GET /_paper-trade-details-modal.html
[2025-11-19T01:39:34.570Z] GET /_add-idea-modal.html
[2025-11-19T01:39:34.577Z] GET /_edit-strategy-modal.html
[2025-11-19T01:39:34.594Z] GET /_dashboard.html
[2025-11-19T01:39:34.606Z] GET /js/modules/dashboard/index.js
[2025-11-19T01:39:36.693Z] GET /_strategy-lab.html
[2025-11-19T01:39:36.705Z] GET /js/modules/strategy-lab/index.js
[2025-11-19T01:39:36.741Z] GET /js/modules/transactions/edit-trade.handlers.js
[2025-11-19T01:39:36.749Z] GET /js/modules/strategy-lab/handlers.js
[2025-11-19T01:39:36.751Z] GET /js/modules/strategy-lab/sources/handlers.js
[2025-11-19T01:39:36.752Z] GET /js/modules/strategy-lab/watched-list/handlers.js
[2025-11-19T01:39:36.757Z] GET /js/modules/strategy-lab/watched-list/api.js
[2025-11-19T01:39:36.760Z] GET /js/modules/transactions/api.js
[2025-11-19T01:39:36.762Z] GET /js/modules/strategy-lab/paper-trades/handlers.js
[2025-11-19T01:39:36.763Z] GET /js/modules/settings/sources.api.js
[2025-11-19T01:39:36.789Z] GET /js/modules/strategy-lab/sources/modal.handlers.js
[2025-11-19T01:39:36.791Z] GET /js/modules/strategy-lab/sources/render.js
[2025-11-19T01:39:36.794Z] GET /js/modules/strategy-lab/sources/idea-form.handlers.js
[2025-11-19T01:39:36.798Z] GET /js/modules/strategy-lab/watched-list/render.js
[2025-11-19T01:39:36.800Z] GET /js/services/apiFetch.js
[2025-11-19T01:39:36.802Z] GET /js/modules/strategy-lab/paper-trades/api.js
[2025-11-19T01:39:36.803Z] GET /js/modules/settings/sources.handlers.js
[2025-11-19T01:39:36.805Z] GET /js/modules/transactions/render.js
[2025-11-19T01:39:36.806Z] GET /js/modules/strategy-lab/sources/api.js
[2025-11-19T01:39:36.807Z] GET /js/modules/strategy-lab/sources/strategy-form.handlers.js
[2025-11-19T01:39:36.810Z] GET /js/modules/transactions/paper-trade-details.handlers.js
[2025-11-19T01:39:36.813Z] GET /js/utils/formatters.js
[2025-11-19T01:39:36.814Z] GET /js/api.js
[2025-11-19T01:39:36.817Z] GET /js/modules/settings/sources_books.handlers.js
[2025-11-19T01:39:36.819Z] GET /js/modules/settings/webapps.api.js
[2025-11-19T01:39:36.826Z] GET /api/sources
[2025-11-19T01:39:37.579Z] GET /api/sources/1
[2025-11-19T01:39:37.640Z] GET /images/books/default.png
[2025-11-19T01:39:37.641Z] GET /api/sources/1/strategies
[2025-11-19T01:39:37.647Z] GET /api/sources/1/open-ideas
[2025-11-19T01:39:37.649Z] GET /api/sources/1/open-trades
Fetching price for CIFR from Finnhub...
Successfully fetched price for CIFR: 14.58
[2025-11-19T01:40:01.931Z] GET /css/main.css?v=1.0.2
[2025-11-19T01:40:01.935Z] GET /css/base.css
[2025-11-19T01:40:01.938Z] GET /css/navigation.css
[2025-11-19T01:40:01.940Z] GET /css/forms.css
[2025-11-19T01:40:01.943Z] GET /css/modals.css
[2025-11-19T01:40:01.945Z] GET /css/components.css
[2025-11-19T01:40:01.952Z] GET /css/settings.css
[2025-11-19T01:40:02.275Z] GET /css/strategy-lab.css
[2025-11-19T01:40:02.277Z] GET /css/themes.css
[2025-11-19T01:40:02.279Z] GET /css/themes.css?v=1.0.1
[2025-11-19T01:40:02.281Z] GET /.well-known/appspecific/com.chrome.devtools.json
